[2026-04-19 15:41:32] Executat: ./tools/fileops.sh build
[2026-04-19 15:41:33] Finalizat cu cod de ieșire: 1
----------------------------------------
[2026-04-19 18:10:15] Executat: ./tools/fileops.sh index src
[2026-04-19 18:10:15] Finalizat cu cod de ieșire: 0
----------------------------------------
[2026-04-19 18:14:07] Executat: ./tools/fileops.sh index src
[2026-04-19 18:14:07] Finalizat cu cod de ieșire: 0
----------------------------------------
[2026-04-19 18:14:47] Executat: ./tools/fileops.sh diff index_v1.db index_v2.db
[2026-04-19 18:14:47] Finalizat cu cod de ieșire: 0
----------------------------------------
[2026-04-19 18:15:45] Executat: ./tools/fileops.sh proc
[2026-04-19 18:15:45] Finalizat cu cod de ieșire: 0
----------------------------------------
[2026-04-19 18:16:18] Executat: ./tools/fileops.sh proc
[2026-04-19 18:16:18] Finalizat cu cod de ieșire: 0
----------------------------------------
[2026-04-19 18:16:47] Executat: ./tools/fileops.sh diff proc_v1.db proc_v2.db
[2026-04-19 18:16:47] Finalizat cu cod de ieșire: 0
----------------------------------------
[2026-04-26 13:12:39] Executat: ./tools/fileops.sh build
[2026-04-26 13:12:41] Finalizat cu cod de ieșire: 1
----------------------------------------
[2026-04-26 13:12:59] Executat: ./tools/fileops.sh index src
[2026-04-26 13:12:59] Finalizat cu cod de ieșire: 0
----------------------------------------
[2026-04-26 13:14:33] Executat: ./tools/fileops.sh index src
[2026-04-26 13:14:33] Finalizat cu cod de ieșire: 0
----------------------------------------
[2026-04-26 13:15:00] Executat: ./tools/fileops.sh diff index_v1.db index_v2.db
[2026-04-26 13:15:00] Finalizat cu cod de ieșire: 0
----------------------------------------
[2026-04-26 13:16:47] Executat: ./tools/fileops.sh proc
[2026-04-26 13:16:47] Finalizat cu cod de ieșire: 0
----------------------------------------
[2026-04-26 13:17:12] Executat: ./tools/fileops.sh proc
[2026-04-26 13:17:12] Finalizat cu cod de ieșire: 0
----------------------------------------
[2026-04-26 13:20:54] Executat: ./tools/fileops.sh diff proc_v1.db proc_v2.db
[2026-04-26 13:20:54] Finalizat cu cod de ieșire: 0
----------------------------------------
